_io.Lobby.send('Lobby').send('setSlot', (_io.IoStringWrapper('Person')), (_io.Lobby.send('Object').send('clone')));
_io.Lobby.send('writeln', (_io.Lobby.send('Person').send('==', (_io.Lobby.send('Person')))));