_io.Lobby.send('a');
_io.Lobby.send('b').send('c');
_io.Lobby.send('d');